
> bb@0.1.0 build
> next build

node.exe : ΓÜá Warning: 
Next.js inferred your 
workspace root, but it 
may not be correct.
At line:1 char:1
+ & "C:\Program 
Files\nodejs/node.exe" 
"C:\Program 
Files\nodejs/node_mo ...
+ ~~~~~~~~~~~~~~~~~~~~~~~~
~~~~~~~~~~~~~~~~~~~~~~~~~~
~~~~~~~~~~~~~~~~~~~
    + CategoryInfo        
      : NotSpecified: (Γ  
  Üá Warning: Ne...not    
 be correct.:String) [    
], RemoteException
    + FullyQualifiedError 
   Id : NativeCommandErr  
  or
 
 We detected multiple 
lockfiles and selected 
the directory of C:\Users\
sq775\package-lock.json 
as the root directory.
 To silence this warning, 
set `turbopack.root` in 
your Next.js config, or 
consider removing one of 
the lockfiles if it's not 
needed.
   See https://nextjs.org/
docs/app/api-reference/con
fig/next-config-js/turbopa
ck#root-directory for 
more information.
 Detected additional 
lockfiles: 
   * C:\Users\sq775\Deskto
p\bb\frontend\package-lock
.json

Γû▓ Next.js 16.2.1 (Turbopack)
- Environments: .env.local

  Creating an optimized production build ...
Found 1 warning while 
optimizing generated CSS:

[2mΓöé   }[22m
[2mΓöé }[22m
[2mΓöé[22m @import url("
https://fonts.googleapis.c
om/css2?family=Space+Grote
sk:wght@300;400;500;600;70
0&family=Inter:wght@300;40
0;500;600;700&display=swap
");
[2mΓöå[22m        
[33m[2m^--[22m @import 
rules must precede all 
rules aside from @charset 
and @layer statements[39m
[2mΓöå[22m
[2mΓöé :root {[22m
[2mΓöé   --background: 
#0e0e0e;[22m


> Build error occurred
Error: Turbopack build 
failed with 2 errors:
./Desktop/bb/frontend/src/
components/HomeSections.ts
x:6:1
Export anime doesn't 
exist in target module
  [90m4 |[0m 
[36mimport[0m 
[33mLink[0m 
[36mfrom[0m 
[32m"next/link"[0m;
  [90m5 |[0m [90m// 
@ts-ignore[0m
[31m[1m>[0m [90m6 
|[0m [36mimport[0m { 
anime } [36mfrom[0m 
[32m"animejs"[0m;
  [90m  |[0m [31m[1m^^
^^^^^^^^^^^^^^^^^^^^^^^^^^
^^^^[0m
  [90m7 |[0m 
[36mimport[0m {
  [90m8 |[0m   
[33mCheckCircle2[0m,
  [90m9 |[0m   
[33mArrowRight[0m,

The export anime was not 
found in module [project]/
Desktop/bb/frontend/node_m
odules/animejs/dist/module
s/index.js [app-client] 
(ecmascript).
Did you mean to import 
animate?
All exports of the module 
are statically known (It 
doesn't have dynamic 
exports). So it's known 
statically that the 
requested export doesn't 
exist.

Import traces:
  Client Component 
Browser:
    ./Desktop/bb/frontend/
src/components/HomeSection
s.tsx [Client Component 
Browser]
    ./Desktop/bb/frontend/
src/app/page.tsx [Client 
Component Browser]
    ./Desktop/bb/frontend/
src/app/page.tsx [Server 
Component]

  Client Component SSR:
    ./Desktop/bb/frontend/
src/components/HomeSection
s.tsx [Client Component 
SSR]
    ./Desktop/bb/frontend/
src/app/page.tsx [Client 
Component SSR]
    ./Desktop/bb/frontend/
src/app/page.tsx [Server 
Component]


./Desktop/bb/frontend/src/
components/HomeSections.ts
x:6:1
Export anime doesn't 
exist in target module
  [90m4 |[0m 
[36mimport[0m 
[33mLink[0m 
[36mfrom[0m 
[32m"next/link"[0m;
  [90m5 |[0m [90m// 
@ts-ignore[0m
[31m[1m>[0m [90m6 
|[0m [36mimport[0m { 
anime } [36mfrom[0m 
[32m"animejs"[0m;
  [90m  |[0m [31m[1m^^
^^^^^^^^^^^^^^^^^^^^^^^^^^
^^^^[0m
  [90m7 |[0m 
[36mimport[0m {
  [90m8 |[0m   
[33mCheckCircle2[0m,
  [90m9 |[0m   
[33mArrowRight[0m,

The export anime was not 
found in module [project]/
Desktop/bb/frontend/node_m
odules/animejs/dist/module
s/index.js [app-ssr] 
(ecmascript).
Did you mean to import 
animate?
All exports of the module 
are statically known (It 
doesn't have dynamic 
exports). So it's known 
statically that the 
requested export doesn't 
exist.

Import traces:
  Client Component 
Browser:
    ./Desktop/bb/frontend/
src/components/HomeSection
s.tsx [Client Component 
Browser]
    ./Desktop/bb/frontend/
src/app/page.tsx [Client 
Component Browser]
    ./Desktop/bb/frontend/
src/app/page.tsx [Server 
Component]

  Client Component SSR:
    ./Desktop/bb/frontend/
src/components/HomeSection
s.tsx [Client Component 
SSR]
    ./Desktop/bb/frontend/
src/app/page.tsx [Client 
Component SSR]
    ./Desktop/bb/frontend/
src/app/page.tsx [Server 
Component]


    at <unknown> (./Deskto
p/bb/frontend/src/componen
ts/HomeSections.tsx:6:1)
    at <unknown> (./Deskto
p/bb/frontend/src/componen
ts/HomeSections.tsx:6:1)
