src/app/page.tsx(570,15): error TS2353: Object literal may only specify known properties, and 'easing' does not exist in type 'DefaultsParams'.
src/app/page.tsx(641,15): error TS2353: Object literal may only specify known properties, and 'easing' does not exist in type 'DefaultsParams'.
